{
    "AIDS_Duration_In_Months": 9,
    "AIDS_Stage_Infectivity_Multiplier": 4.5,
    "Acute_Duration_In_Months": 2.9,
    "Acute_Stage_Infectivity_Multiplier": 26,
    "Age_Initialization_Distribution_Type": "DISTRIBUTION_COMPLEX",
    "Base_Individual_Sample_Rate": 1,
    "Base_Infectivity": 0.00065805,
    "Base_Year": 1960.5,
    "Birth_Rate_Dependence": "INDIVIDUAL_PREGNANCIES_BY_AGE_AND_YEAR",
    "Birth_Rate_Time_Dependence": "NONE",
    "CD4_At_Death_LogLogistic_Heterogeneity": 0.7,
    "CD4_At_Death_LogLogistic_Scale": 2.96,
    "CD4_Post_Infection_Weibull_Heterogeneity": 0.2756,
    "CD4_Post_Infection_Weibull_Scale": 560.43,
    "Coital_Dilution_Factor_2_Partners": 0.75,
    "Coital_Dilution_Factor_3_Partners": 0.6,
    "Coital_Dilution_Factor_4_Plus_Partners": 0.45,
    "Condom_Transmission_Blocking_Probability": 0.8,
    "Config_Name": "",
    "Custom_Coordinator_Events": [],
    "Custom_Individual_Events": [],
    "Custom_Node_Events": [],
    "Custom_Reports_Filename": "",
    "Days_Between_Symptomatic_And_Death_Weibull_Heterogeneity": 0.5,
    "Days_Between_Symptomatic_And_Death_Weibull_Scale": 618.341625,
    "Death_Rate_Dependence": "NONDISEASE_MORTALITY_BY_YEAR_AND_AGE_FOR_EACH_GENDER",
    "Demographics_Filenames": [],
    "Enable_Aging": 1,
    "Enable_Birth": 1,
    "Enable_Coital_Dilution": 1,
    "Enable_Default_Reporting": 1,
    "Enable_Demographics_Birth": 0,
    "Enable_Demographics_Builtin": 0,
    "Enable_Demographics_Reporting": 0,
    "Enable_Infectivity_Reservoir": 0,
    "Enable_Interventions": 0,
    "Enable_Maternal_Infection_Transmission": 1,
    "Enable_Maternal_Protection": 0,
    "Enable_Natural_Mortality": 1,
    "Enable_Property_Output": 0,
    "Enable_Skipping": 0,
    "Enable_Spatial_Output": 0,
    "Enable_Susceptibility_Scaling": 0,
    "Enable_Termination_On_Zero_Total_Infectivity": 0,
    "Enable_Vital_Dynamics": 1,
    "HIV_Adult_Survival_Scale_Parameter_Intercept": 21.182,
    "HIV_Adult_Survival_Scale_Parameter_Slope": -0.2717,
    "HIV_Adult_Survival_Shape_Parameter": 2,
    "HIV_Age_Max_for_Adult_Age_Dependent_Survival": 50,
    "HIV_Age_Max_for_Child_Survival_Function": 15,
    "HIV_Child_Survival_Rapid_Progressor_Fraction": 0.57,
    "HIV_Child_Survival_Rapid_Progressor_Rate": 1.52,
    "HIV_Child_Survival_Slow_Progressor_Scale": 16,
    "HIV_Child_Survival_Slow_Progressor_Shape": 2.7,
    "Heterogeneous_Infectiousness_LogNormal_Scale": 0,
    "Incubation_Period_Constant": 0,
    "Incubation_Period_Distribution": "CONSTANT_DISTRIBUTION",
    "Individual_Sampling_Type": "FIXED_SAMPLING",
    "Infection_Updates_Per_Timestep": 1,
    "Infectivity_Scale_Type": "CONSTANT_INFECTIVITY",
    "Inset_Chart_Has_IP": [],
    "Inset_Chart_Has_Interventions": [],
    "Inset_Chart_Include_Coital_Acts": 1,
    "Inset_Chart_Include_Pregnancies": 0,
    "Load_Balance_Filename": "",
    "Male_To_Female_Relative_Infectivity_Ages": [
        0,
        15,
        25
    ],
    "Male_To_Female_Relative_Infectivity_Multipliers": [
        2.26154624,
        2.26154624,
        1.112477558
    ],
    "Maternal_Infection_Transmission_Probability": 0.3,
    "Maternal_Transmission_ART_Multiplier": 0.03334,
    "Memory_Usage_Halting_Threshold_Working_Set_MB": 12000,
    "Memory_Usage_Warning_Threshold_Working_Set_MB": 11000,
    "Migration_Model": "NO_MIGRATION",
    "Min_Days_Between_Adding_Relationships": 0,
    "Node_Grid_Size": 0.009,
    "Number_Basestrains": 1,
    "PFA_Burnin_Duration_In_Days": 5475,
    "PFA_Cum_Prob_Selection_Threshold": 0.2,
    "Population_Density_Infectivity_Correction": "CONSTANT_INFECTIVITY",
    "Population_Scale_Type": "FIXED_SCALING",
    "Random_Number_Generator_Policy": "ONE_PER_CORE",
    "Random_Number_Generator_Type": "USE_PSEUDO_DES",
    "Report_Coital_Acts": 0,
    "Report_Coital_Acts_Has_Intervention_With_Name": [],
    "Report_Coital_Acts_Individual_Properties": [],
    "Report_Coital_Acts_Partners_With_IP_Key_Value": [],
    "Report_Coital_Acts_Relationship_Type": "NA",
    "Report_Coordinator_Event_Recorder": 0,
    "Report_Event_Recorder": 0,
    "Report_Event_Recorder_PropertyChange_IP_Key_Of_Interest": "",
    "Report_HIV_ART": 0,
    "Report_HIV_ByAgeAndGender": 0,
    "Report_HIV_ByAgeAndGender_Add_Concordant_Relationships": 0,
    "Report_HIV_ByAgeAndGender_Add_Relationships": 0,
    "Report_HIV_ByAgeAndGender_Add_Transmitters": 0,
    "Report_HIV_ByAgeAndGender_Collect_Age_Bins_Data": [],
    "Report_HIV_ByAgeAndGender_Collect_Circumcision_Data": 0,
    "Report_HIV_ByAgeAndGender_Collect_Gender_Data": 0,
    "Report_HIV_ByAgeAndGender_Collect_HIV_Data": 0,
    "Report_HIV_ByAgeAndGender_Collect_HIV_Stage_Data": 0,
    "Report_HIV_ByAgeAndGender_Collect_IP_Data": [],
    "Report_HIV_ByAgeAndGender_Collect_Intervention_Data": [],
    "Report_HIV_ByAgeAndGender_Collect_On_Art_Data": 0,
    "Report_HIV_ByAgeAndGender_Collect_Targeting_Config_Data": {},
    "Report_HIV_ByAgeAndGender_Event_Counter_List": [],
    "Report_HIV_ByAgeAndGender_Has_Intervention_With_Name": "",
    "Report_HIV_ByAgeAndGender_Start_Year": 1900,
    "Report_HIV_ByAgeAndGender_Stop_Year": 2200,
    "Report_HIV_ByAgeAndGender_Stratify_Infected_By_CD4": 0,
    "Report_HIV_ByAgeAndGender_Use_Old_Format": 0,
    "Report_HIV_Event_Channels_List": [],
    "Report_HIV_Infection": 0,
    "Report_HIV_Infection_Start_Year": 1900,
    "Report_HIV_Infection_Stop_Year": 2200,
    "Report_HIV_Mortality": 0,
    "Report_HIV_Period": 730,
    "Report_Node_Event_Recorder": 0,
    "Report_Relationship_End": 0,
    "Report_Relationship_Start": 0,
    "Report_Surveillance_Event_Recorder": 0,
    "Report_Transmission": 0,
    "Run_Number": 1,
    "STI_Coinfection_Acquisition_Multiplier": 5.5,
    "STI_Coinfection_Transmission_Multiplier": 5.5,
    "Serialized_Population_Reading_Type": "NONE",
    "Serialized_Population_Writing_Type": "NONE",
    "Sexual_Debut_Age_Female_Weibull_Heterogeneity": 0.22108015674142,
    "Sexual_Debut_Age_Female_Weibull_Scale": 19.9609856656853,
    "Sexual_Debut_Age_Male_Weibull_Heterogeneity": 0.165108885953777,
    "Sexual_Debut_Age_Male_Weibull_Scale": 16.8039276633964,
    "Sexual_Debut_Age_Min": 13,
    "Sexual_Debut_Age_Setting_Type": "WEIBULL",
    "Simulation_Duration": 36317.5,
    "Simulation_Timestep": 30.4166666666667,
    "Simulation_Type": "HIV_SIM",
    "Start_Time": 0,
    "logLevel_AntiretroviralTherapy": "ERROR",
    "logLevel_InfectionHIV": "ERROR",
    "logLevel_Instrumentation": "INFO",
    "logLevel_Memory": "INFO",
    "logLevel_OutbreakIndividual": "ERROR",
    "logLevel_Simulation": "INFO",
    "logLevel_SusceptibilityHIV": "ERROR",
    "logLevel_default": "WARNING",
    "x_Base_Population": 0.05,
    "x_Birth": 1,
    "x_Other_Mortality": 1
}